Started by user [8mha:////4P0s7hGjA9VljF4c+Hu91PaVlAz/nad31wngZ9nOeP3iAAAAlx+LCAAAAAAAAP9b85aBtbiIQTGjNKU4P08vOT+vOD8nVc83PyU1x6OyILUoJzMv2y+/JJUBAhiZGBgqihhk0NSjKDWzXb3RdlLBUSYGJk8GtpzUvPSSDB8G5tKinBIGIZ+sxLJE/ZzEvHT94JKizLx0a6BxUmjGOUNodHsLgAzWEgZu/dLi1CJ9x5TczDwAi45d7MAAAAA=[0madmin
[EnvInject] - Loading node environment variables.
Building in workspace C:\Program Files (x86)\Jenkins\workspace\TestJob
 > git.exe rev-parse --is-inside-work-tree # timeout=10
Fetching changes from the remote Git repository
 > git.exe config remote.origin.url https://github.com/ttshmily/serviceapi.git # timeout=10
Fetching upstream changes from https://github.com/ttshmily/serviceapi.git
 > git.exe --version # timeout=10
 > git.exe fetch --tags --progress https://github.com/ttshmily/serviceapi.git +refs/heads/*:refs/remotes/origin/*
 > git.exe rev-parse "refs/remotes/origin/dev^{commit}" # timeout=10
 > git.exe rev-parse "refs/remotes/origin/origin/dev^{commit}" # timeout=10
Checking out Revision 88b4f6105e2fe0029b455c0905b4f7203f99deb3 (refs/remotes/origin/dev)
Commit message: "src/test/java/com/mingyizhudao/qa/testcase/doctor/GetDoctorProfile.java"
 > git.exe config core.sparsecheckout # timeout=10
 > git.exe checkout -f 88b4f6105e2fe0029b455c0905b4f7203f99deb3
 > git.exe rev-list 88b4f6105e2fe0029b455c0905b4f7203f99deb3 # timeout=10
[TestJob] $ cmd /c call C:\Windows\TEMP\jenkins7557552114708307602.bat

C:\Program Files (x86)\Jenkins\workspace\TestJob>echo protocol = http  1>C:\progra~2\Jenkins\workspace\TestJob\src\test\resources\config-test\environment.properties 

C:\Program Files (x86)\Jenkins\workspace\TestJob>echo host_doc = services.dev.myzd.info/doctor  1>>C:\progra~2\Jenkins\workspace\TestJob\src\test\resources\config-test\environment.properties 

C:\Program Files (x86)\Jenkins\workspace\TestJob>echo host_login = login.dev.myzd.info  1>>C:\progra~2\Jenkins\workspace\TestJob\src\test\resources\config-test\environment.properties 

C:\Program Files (x86)\Jenkins\workspace\TestJob>echo host_kb = 192.168.33.1  1>>C:\progra~2\Jenkins\workspace\TestJob\src\test\resources\config-test\environment.properties 

C:\Program Files (x86)\Jenkins\workspace\TestJob>echo host_crm = services.dev.myzd.info/crm  1>>C:\progra~2\Jenkins\workspace\TestJob\src\test\resources\config-test\environment.properties 

C:\Program Files (x86)\Jenkins\workspace\TestJob>echo crm_token = eyJ0eXAiOiJKV1QiLCJhbGciOiJIUzI1NiJ9.eyJlbWFpbCI6ImppbmcudGlhbkBtaW5neWl6aHVkYW8uY29tIiwibmFtZSI6Ilx1NzUzMFx1OTc1OSIsInN1YiI6MjMsImlzcyI6Imh0dHA6XC9cLzE5Mi4xNjguMzMuMjJcL2FwaVwvdjFcL2NhbGxiYWNrIiwiaWF0IjoxNTAwNDM2ODc2LCJleHAiOjE1MDA2NTI4NzYsIm5iZiI6MTUwMDQzNjg3NiwianRpIjoiSTJndzJCSTVBUE1yOEE2ZSJ9.BbD9Zzd9OkwNHZVoSC6_c3R5f9jkVppL0FSIAHxZYQk  1>>C:\progra~2\Jenkins\workspace\TestJob\src\test\resources\config-test\environment.properties 

C:\Program Files (x86)\Jenkins\workspace\TestJob>echo host_bda = services.dev.myzd.info/bd-assistant  1>>C:\progra~2\Jenkins\workspace\TestJob\src\test\resources\config-test\environment.properties 

C:\Program Files (x86)\Jenkins\workspace\TestJob>echo bda_token = eyJzcmMiOiJjeHF5IiwiYWxnIjoiSFMyNTYiLCJ0eXAiOiJKV1QifQ.eyJsZWFkaW5nX2dyb3VwIjoyLCJ1aWQiOiJjaGFvLmZhbmdAbWluZ3lpemh1ZGFvLmNvbSIsImdlbmRlciI6IjEiLCJzdGFmZl9pZCI6IlNIMDEzMyIsIm5hbWUiOiLmlrnotoUiLCJtb2JpbGUiOiIiLCJhdmF0YXIiOiJodHRwOi8vc2hwLnFwaWMuY24vYml6bXAvSEhFZGlhdmpSMVFNQ2dFVmh3OEwwaFNqYVRmZ05yOVp5TEFCaWEwSTJ0Y0RKdkFNdzM2dXpTYUEvIiwiZXhwIjoxNDk2NzE4MDU1LCJpYXQiOjE0OTY2MzE2NTUsImVtYWlsIjoiY2hhby5mYW5nQG1pbmd5aXpodWRhby5jb20iLCJzdGF0dXMiOjF9.p1SJUQqEvw6X7wlm7GJXDAzmRT60RvNHfFNkwN8kIJs  1>>C:\progra~2\Jenkins\workspace\TestJob\src\test\resources\config-test\environment.properties 

C:\Program Files (x86)\Jenkins\workspace\TestJob>echo bda_token_staff = eyJzcmMiOiJjeHF5IiwiYWxnIjoiSFMyNTYiLCJ0eXAiOiJKV1QifQ.eyJsZWFkaW5nX2dyb3VwIjo2LCJ1aWQiOiJmYW5nY2hhby10ZXN0QG1pbmd5aXpodWRhby5jb20iLCJnZW5kZXIiOiIxIiwic3RhZmZfaWQiOiJTSDA5OTkiLCJuYW1lIjoi5aSn5LiAIiwibW9iaWxlIjoiMTM4MTc2MzQyMDMiLCJhdmF0YXIiOiJodHRwOi8vcC5xbG9nby5jbi9iaXptYWlsLzdycU5SeUNQQWpaM3o2a2NOMlN1S3ZvQWhpYkJzV2ljVjZqUkNlT2V3dmNQMlJGaWJMVHU4ZU9kdy8wIiwiZXhwIjoxNDk2NzE4MDU1LCJpYXQiOjE0OTY2MzE2NTUsImVtYWlsIjoiZGF5aUBtaW5neWl6aHVkYW8uY29tIiwic3RhdHVzIjoxfQ.VR4MueuMfCN_sxztn32JmQzrXNCIt2Ceh5r2wZ_idT0  1>>C:\progra~2\Jenkins\workspace\TestJob\src\test\resources\config-test\environment.properties 

C:\Program Files (x86)\Jenkins\workspace\TestJob>echo mainOperatorId = jing.tian@mingyizhudao.com  1>>C:\progra~2\Jenkins\workspace\TestJob\src\test\resources\config-test\environment.properties 

C:\Program Files (x86)\Jenkins\workspace\TestJob>echo mainOperatorName = Áî∞Èùô  1>>C:\progra~2\Jenkins\workspace\TestJob\src\test\resources\config-test\environment.properties 

C:\Program Files (x86)\Jenkins\workspace\TestJob>mvn test -DsuiteFilename=all.xml 
[INFO] Scanning for projects...
[INFO]                                                                         
[INFO] ------------------------------------------------------------------------
[INFO] Building serviceapi 1.0-SNAPSHOT
[INFO] ------------------------------------------------------------------------
[INFO] 
[INFO] --- maven-resources-plugin:3.0.2:resources (default-resources) @ serviceapi ---
[INFO] Using 'UTF-8' encoding to copy filtered resources.
[INFO] skip non existing resourceDirectory C:\Program Files (x86)\Jenkins\workspace\TestJob\src\main\resources
[INFO] 
[INFO] --- maven-compiler-plugin:3.6.1:compile (default-compile) @ serviceapi ---
[INFO] No sources to compile
[INFO] 
[INFO] --- maven-resources-plugin:3.0.2:testResources (default-testResources) @ serviceapi ---
[INFO] Using 'UTF-8' encoding to copy filtered resources.
[INFO] Copying 16 resources
[INFO] Copying 4 resources
[INFO] 
[INFO] --- maven-compiler-plugin:3.6.1:testCompile (default-testCompile) @ serviceapi ---
[INFO] Nothing to compile - all classes are up to date
[INFO] 
[INFO] --- maven-surefire-plugin:2.19.1:test (default-test) @ serviceapi ---

-------------------------------------------------------
 T E S T S
-------------------------------------------------------
Running TestSuite
[INFO][SendVerifyCode] ËØ∑Ê±ÇÈ™åËØÅÁ†ÅÂà∞ÊâãÊú∫Âè∑13817069999 ...
[DEBUG][HttpRequest] ÂèëÈÄÅËØ∑Ê±ÇÂºÇÂ∏∏
[ERROR][SendVerifyCode] java.net.MalformedURLException: no protocol: http ://login.dev.myzd.info /api/login/sendVerifyCode
[INFO][SendVerifyCode] mobileÊòØ: 13817069999...ËØ∑ÂèëÈÄÅÈ™åËØÅÁ†ÅÂà∞ÊúçÂä°Âô®ËøõË°åÈ™åËØÅ
[INFO][CheckVerifyCode] ÂèëÈÄÅÁü≠‰ø°È™åËØÅÁ†ÅÂà∞ÊúçÂä°Âô®ËøõË°åÈ™åËØÅ...
[DEBUG][HttpRequest] ÂèëÈÄÅËØ∑Ê±ÇÂºÇÂ∏∏
[ERROR][CheckVerifyCode] java.net.MalformedURLException: no protocol: http ://login.dev.myzd.info /api/login/checkVerifyCode
[ERROR][CheckVerifyCode] Ëé∑ÂèñtokenÂ§±Ë¥•
[ERROR][BaseTest] ÂàùÂßãÂåñÂ§±Ë¥•ÔºåÈÄÄÂá∫
Picked up JAVA_TOOL_OPTIONS: -Dfile.encoding=UTF8

Results :

Tests run: 0, Failures: 0, Errors: 0, Skipped: 0

[INFO] ------------------------------------------------------------------------
[INFO] BUILD FAILURE
[INFO] ------------------------------------------------------------------------
[INFO] Total time: 3.800 s
[INFO] Finished at: 2017-07-19T13:35:37+08:00
[INFO] Final Memory: 12M/217M
[INFO] ------------------------------------------------------------------------
[ERROR] Failed to execute goal org.apache.maven.plugins:maven-surefire-plugin:2.19.1:test (default-test) on project serviceapi: Execution default-test of goal org.apache.maven.plugins:maven-surefire-plugin:2.19.1:test failed: The forked VM terminated without properly saying goodbye. VM crash or System.exit called?
[ERROR] Command was cmd.exe /X /C ""C:\Program Files\Java\jdk1.8.0_131\jre\bin\java" -jar "C:\Program Files (x86)\Jenkins\workspace\TestJob\target\surefire\surefirebooter3223645991882711659.jar" "C:\Program Files (x86)\Jenkins\workspace\TestJob\target\surefire\surefire4225184401145524536tmp" "C:\Program Files (x86)\Jenkins\workspace\TestJob\target\surefire\surefire_08477096681849859964tmp""
[ERROR] -> [Help 1]
[ERROR] 
[ERROR] To see the full stack trace of the errors, re-run Maven with the -e switch.
[ERROR] Re-run Maven using the -X switch to enable full debug logging.
[ERROR] 
[ERROR] For more information about the errors and possible solutions, please read the following articles:
[ERROR] [Help 1] http://cwiki.apache.org/confluence/display/MAVEN/PluginExecutionException
Picked up JAVA_TOOL_OPTIONS: -Dfile.encoding=UTF8
Build step 'Execute Windows batch command' marked build as failure
Recording test results
ERROR: Step ‚ÄòPublish JUnit test result report‚Äô failed: Test reports were found but none of them are new. Did tests run? 
For example, C:\Program Files (x86)\Jenkins\workspace\TestJob\pom.xml is 8 days 21 Â∞èÊó∂ old

[8mha:////4OdUEiXNus/fjvSg6mLQ+8k3SMsJNX7SwJsDtvVyRvCcAAAAVx+LCAAAAAAAAP9b85aBtbiIQSmjNKU4P08vOT+vOD8nVc8DzHWtSE4tKMnMz/PLL0mV3NWzufebKBsTA0NFEYMUmgZnCA1SyAABjCCFBQC2xNaiYAAAAA==[0mFinished: FAILURE
